---
source: src/lib.rs
expression: s

---
"PASS\n"
