---
source: src/simple.rs
expression: s

---
"PASS\n"
