---
source: src/colorful.rs
expression: s

---
"Expected\n\nbar\n\nActual\n\nfoo\n\u{1b}[1;31mFAIL\u{1b}[0m\n"
